==================================================================
